apiVersion: v1
kind: Service
metadata:
  annotations:
    source: https://github.com/projectsyn/component-prometheus
  labels:
    app.kubernetes.io/component: metrics-adapter
    app.kubernetes.io/managed-by: commodore
    app.kubernetes.io/name: prometheus-adapter
    app.kubernetes.io/part-of: kube-prometheus
    app.kubernetes.io/version: 0.12.0
  name: prometheusadapter-default-instance
  namespace: syn-prometheus
spec:
  ports:
    - name: https
      port: 443
      targetPort: 6443
  selector:
    app.kubernetes.io/component: metrics-adapter
    app.kubernetes.io/name: prometheus-adapter
    app.kubernetes.io/part-of: kube-prometheus
