apiVersion: networking.k8s.io/v1
kind: NetworkPolicy
metadata:
  annotations:
    source: https://github.com/projectsyn/component-prometheus
  labels:
    app.kubernetes.io/component: metrics-adapter
    app.kubernetes.io/managed-by: commodore
    app.kubernetes.io/name: prometheus-adapter
    app.kubernetes.io/part-of: kube-prometheus
    app.kubernetes.io/version: 0.12.0
  name: prometheusadapter-default-instance
  namespace: syn-prometheus
spec:
  egress:
    - {}
  ingress:
    - {}
  podSelector:
    matchLabels:
      app.kubernetes.io/component: metrics-adapter
      app.kubernetes.io/name: prometheus-adapter
      app.kubernetes.io/part-of: kube-prometheus
  policyTypes:
    - Egress
    - Ingress
