apiVersion: networking.k8s.io/v1
kind: NetworkPolicy
metadata:
  annotations:
    source: https://github.com/projectsyn/component-prometheus
  labels:
    app.kubernetes.io/component: controller
    app.kubernetes.io/managed-by: commodore
    app.kubernetes.io/name: syn-prometheus-operator
    app.kubernetes.io/part-of: syn
    app.kubernetes.io/version: 0.76.2
  name: syn-prometheus-operator
  namespace: syn-prometheus-operator
spec:
  egress:
    - {}
  ingress:
    - from:
        - podSelector:
            matchLabels:
              app.kubernetes.io/name: prometheus
      ports:
        - port: 8443
          protocol: TCP
  podSelector:
    matchLabels:
      app.kubernetes.io/component: controller
      app.kubernetes.io/name: syn-prometheus-operator
      app.kubernetes.io/part-of: kube-prometheus
  policyTypes:
    - Egress
    - Ingress
