apiVersion: v1
automountServiceAccountToken: true
kind: ServiceAccount
metadata:
  annotations:
    source: https://github.com/projectsyn/component-prometheus
  labels:
    app.kubernetes.io/component: prometheus
    app.kubernetes.io/instance: default-instance
    app.kubernetes.io/managed-by: commodore
    app.kubernetes.io/name: prometheus
    app.kubernetes.io/part-of: kube-prometheus
    app.kubernetes.io/version: 2.54.1
  name: prometheus-default-instance
  namespace: syn-prometheus
