apiVersion: v1
kind: Service
metadata:
  annotations:
    source: https://github.com/projectsyn/component-prometheus
  labels:
    app.kubernetes.io/component: alert-router
    app.kubernetes.io/instance: alertmanager-default-instance
    app.kubernetes.io/managed-by: commodore
    app.kubernetes.io/name: alertmanager
    app.kubernetes.io/part-of: kube-prometheus
    app.kubernetes.io/version: 0.27.0
  name: alertmanager-alertmanager-default-instance
  namespace: syn-prometheus
spec:
  ports:
    - name: web
      port: 9093
      targetPort: web
    - name: reloader-web
      port: 8080
      targetPort: reloader-web
  selector:
    app.kubernetes.io/component: alert-router
    app.kubernetes.io/instance: alertmanager-default-instance
    app.kubernetes.io/name: alertmanager
    app.kubernetes.io/part-of: kube-prometheus
  sessionAffinity: ClientIP
