apiVersion: v1
kind: Secret
metadata:
  annotations:
    source: https://github.com/projectsyn/component-prometheus
  labels:
    app.kubernetes.io/component: alert-router
    app.kubernetes.io/instance: alertmanager-default-instance
    app.kubernetes.io/managed-by: commodore
    app.kubernetes.io/name: alertmanager
    app.kubernetes.io/part-of: kube-prometheus
    app.kubernetes.io/version: 0.27.0
  name: alertmanager-alertmanager-default-instance
  namespace: syn-prometheus
stringData:
  alertmanager.yaml: |-
    "global":
      "resolve_timeout": "5m"
    "inhibit_rules": []
    "receivers": []
    "route":
      "group_by":
      - "namespace"
      "group_interval": "5m"
      "group_wait": "30s"
      "receiver": "Default"
      "repeat_interval": "12h"
      "routes": []
type: Opaque
