apiVersion: v1
data:
  dashboards.yaml: |-
    {
        "apiVersion": 1,
        "providers": [
            {
                "folder": "Default",
                "folderUid": "",
                "name": "0",
                "options": {
                    "path": "/grafana-dashboard-definitions/0"
                },
                "orgId": 1,
                "type": "file"
            }
        ]
    }
kind: ConfigMap
metadata:
  annotations:
    source: https://github.com/projectsyn/component-prometheus
  labels:
    app.kubernetes.io/component: grafana
    app.kubernetes.io/managed-by: commodore
    app.kubernetes.io/name: grafana-default-instance
    app.kubernetes.io/part-of: kube-prometheus
    app.kubernetes.io/version: 11.2.0
  name: grafana-dashboards
  namespace: syn-prometheus
