apiVersion: v1
kind: Secret
metadata:
  annotations:
    source: https://github.com/projectsyn/component-prometheus
  labels:
    app.kubernetes.io/component: grafana
    app.kubernetes.io/managed-by: commodore
    app.kubernetes.io/name: grafana-default-instance
    app.kubernetes.io/part-of: kube-prometheus
    app.kubernetes.io/version: 11.2.0
  name: grafana-config
  namespace: syn-prometheus
stringData:
  grafana.ini: |
    [date_formats]
    default_timezone = UTC
type: Opaque
