apiVersion: v1
kind: Service
metadata:
  annotations:
    source: https://github.com/projectsyn/component-prometheus
  labels:
    app.kubernetes.io/component: grafana
    app.kubernetes.io/managed-by: commodore
    app.kubernetes.io/name: grafana-default-instance
    app.kubernetes.io/part-of: kube-prometheus
    app.kubernetes.io/version: 11.2.0
  name: grafana
  namespace: syn-prometheus
spec:
  ports:
    - name: http
      port: 3000
      targetPort: http
  selector:
    app.kubernetes.io/component: grafana
    app.kubernetes.io/name: grafana-default-instance
    app.kubernetes.io/part-of: kube-prometheus
