apiVersion: v1
kind: Secret
metadata:
  annotations:
    source: https://github.com/projectsyn/component-prometheus
  labels:
    app.kubernetes.io/component: grafana
    app.kubernetes.io/managed-by: commodore
    app.kubernetes.io/name: grafana-default-instance
    app.kubernetes.io/part-of: kube-prometheus
    app.kubernetes.io/version: 11.2.0
  name: grafana-datasources
  namespace: syn-prometheus
stringData:
  datasources.yaml: |-
    {
        "apiVersion": 1,
        "datasources": [
            {
                "access": "proxy",
                "editable": false,
                "name": "prometheus",
                "orgId": 1,
                "type": "prometheus",
                "url": "http://prometheus-default-instance.syn-prometheus.svc:9090",
                "version": 1
            }
        ]
    }
type: Opaque
