apiVersion: networking.k8s.io/v1
kind: NetworkPolicy
metadata:
  annotations:
    source: https://github.com/projectsyn/component-prometheus
  labels:
    app.kubernetes.io/component: grafana
    app.kubernetes.io/managed-by: commodore
    app.kubernetes.io/name: grafana-default-instance
    app.kubernetes.io/part-of: kube-prometheus
    app.kubernetes.io/version: 11.2.0
  name: grafana
  namespace: syn-prometheus
spec:
  egress:
    - {}
  ingress:
    - from:
        - podSelector:
            matchLabels:
              app.kubernetes.io/name: prometheus
      ports:
        - port: 3000
          protocol: TCP
  podSelector:
    matchLabels:
      app.kubernetes.io/component: grafana
      app.kubernetes.io/name: grafana-default-instance
      app.kubernetes.io/part-of: kube-prometheus
  policyTypes:
    - Egress
    - Ingress
