apiVersion: v1
automountServiceAccountToken: false
kind: ServiceAccount
metadata:
  annotations:
    source: https://github.com/projectsyn/component-prometheus
  labels:
    app.kubernetes.io/component: exporter
    app.kubernetes.io/managed-by: commodore
    app.kubernetes.io/name: nodeexporter-default-instance
    app.kubernetes.io/part-of: kube-prometheus
    app.kubernetes.io/version: 1.8.2
  name: nodeexporter-default-instance
  namespace: syn-prometheus
