apiVersion: v1
automountServiceAccountToken: false
kind: ServiceAccount
metadata:
  annotations:
    source: https://github.com/projectsyn/component-prometheus
  labels:
    app.kubernetes.io/component: exporter
    app.kubernetes.io/managed-by: commodore
    app.kubernetes.io/name: blackbox-exporter
    app.kubernetes.io/part-of: kube-prometheus
    app.kubernetes.io/version: 0.25.0
  name: blackbox-exporter
  namespace: syn-prometheus
