apiVersion: monitoring.coreos.com/v1
kind: ServiceMonitor
metadata:
  annotations:
    source: https://github.com/projectsyn/component-prometheus
  labels:
    app.kubernetes.io/component: exporter
    app.kubernetes.io/managed-by: commodore
    app.kubernetes.io/name: blackbox-exporter
    app.kubernetes.io/part-of: kube-prometheus
    app.kubernetes.io/version: 0.25.0
  name: blackbox-exporter
  namespace: syn-prometheus
spec:
  endpoints:
    - bearerTokenFile: /var/run/secrets/kubernetes.io/serviceaccount/token
      interval: 30s
      path: /metrics
      port: https
      scheme: https
      tlsConfig:
        insecureSkipVerify: true
  selector:
    matchLabels:
      app.kubernetes.io/component: exporter
      app.kubernetes.io/name: blackbox-exporter
      app.kubernetes.io/part-of: kube-prometheus
