apiVersion: rbac.authorization.k8s.io/v1
kind: ClusterRoleBinding
metadata:
  annotations:
    source: https://github.com/projectsyn/component-prometheus
  labels:
    app.kubernetes.io/component: metrics-adapter
    app.kubernetes.io/managed-by: commodore
    app.kubernetes.io/name: prometheus-adapter
    app.kubernetes.io/part-of: kube-prometheus
    app.kubernetes.io/version: 0.12.0
  name: prometheusadapter-default-instance
roleRef:
  apiGroup: rbac.authorization.k8s.io
  kind: ClusterRole
  name: prometheusadapter-default-instance
subjects:
  - kind: ServiceAccount
    name: prometheusadapter-default-instance
    namespace: syn-prometheus
