apiVersion: rbac.authorization.k8s.io/v1
kind: ClusterRole
metadata:
  annotations:
    source: https://github.com/projectsyn/component-prometheus
  labels:
    app.kubernetes.io/component: metrics-adapter
    app.kubernetes.io/managed-by: commodore
    app.kubernetes.io/name: prometheus-adapter
    app.kubernetes.io/part-of: kube-prometheus
    app.kubernetes.io/version: 0.12.0
  name: prometheusadapter-default-instance
rules:
  - apiGroups:
      - ''
    resources:
      - nodes
      - namespaces
      - pods
      - services
    verbs:
      - get
      - list
      - watch
